// Jest Snapshot v1, https://goo.gl/fbAQLP

exports[`Camera.vue Should match snapshot 1`] = `
<div>
  Camera component
</div>
`;
